<?xml version="1.0" encoding="utf-8"?>
<TestRun id="00834249-dd34-4563-9018-e80b34ccbcf9" name="Shubham Shukla@LAPTOP-6SSVHODS 2021-06-18 15:39:43" runUser="LAPTOP-6SSVHODS\Shubham Shukla" xmlns="http://microsoft.com/schemas/VisualStudio/TeamTest/2010">
  <Times creation="2021-06-18T15:39:43.5459253-04:00" queuing="2021-06-18T15:39:43.5459266-04:00" start="2021-06-18T15:39:41.8292897-04:00" finish="2021-06-18T15:39:43.5528104-04:00" />
  <TestSettings name="default" id="a860c470-357d-4700-88f1-e75c78512f23">
    <Deployment runDeploymentRoot="Shubham_Shukla_LAPTOP-6SSVHODS_2021-06-18_15_39_43" />
  </TestSettings>
  <Results>
    <UnitTestResult executionId="123fd160-2e4c-42b0-a78e-1faf72f46a7c" testId="1fdd6013-8c07-4248-89c1-9307160fedd8" testName="GameEngine.Tests.BossEnemyShould.HaveCorrectPower" computerName="LAPTOP-6SSVHODS" duration="00:00:00.0057975" startTime="2021-06-18T15:39:43.3582032-04:00" endTime="2021-06-18T15:39:43.3583059-04:00" testType="13cdc9d9-ddb5-4fa4-a97d-d965ccfc6d4b" outcome="Passed" testListId="8c84fa94-04c1-424b-9868-57a2d4851a1d" relativeResultsDirectory="123fd160-2e4c-42b0-a78e-1faf72f46a7c">
      <Output>
        <StdOut>Creating Boss Enemy!!</StdOut>
      </Output>
    </UnitTestResult>
  </Results>
  <TestDefinitions>
    <UnitTest name="GameEngine.Tests.BossEnemyShould.HaveCorrectPower" storage="c:\src\playground\pluralsight\xunit\gameengine.tests\bin\debug\net5.0\gameengine.tests.dll" id="1fdd6013-8c07-4248-89c1-9307160fedd8">
      <Execution id="123fd160-2e4c-42b0-a78e-1faf72f46a7c" />
      <TestMethod codeBase="C:\src\playground\Pluralsight\Xunit\GameEngine.Tests\bin\Debug\net5.0\GameEngine.Tests.dll" adapterTypeName="executor://xunit/VsTestRunner2/netcoreapp" className="GameEngine.Tests.BossEnemyShould" name="HaveCorrectPower" />
    </UnitTest>
  </TestDefinitions>
  <TestEntries>
    <TestEntry testId="1fdd6013-8c07-4248-89c1-9307160fedd8" executionId="123fd160-2e4c-42b0-a78e-1faf72f46a7c" testListId="8c84fa94-04c1-424b-9868-57a2d4851a1d" />
  </TestEntries>
  <TestLists>
    <TestList name="Results Not in a List" id="8c84fa94-04c1-424b-9868-57a2d4851a1d" />
    <TestList name="All Loaded Results" id="19431567-8539-422a-85d7-44ee4e166bda" />
  </TestLists>
  <ResultSummary outcome="Completed">
    <Counters total="1" executed="1" passed="1" failed="0" error="0" timeout="0" aborted="0" inconclusive="0" passedButRunAborted="0" notRunnable="0" notExecuted="0" disconnected="0" warning="0" completed="0" inProgress="0" pending="0" />
    <Output>
      <StdOut>[xUnit.net 00:00:00.00] xUnit.net VSTest Adapter v2.4.3+1b45f5407b (64-bit .NET 5.0.5)&#xD;
[xUnit.net 00:00:00.70]   Discovering: GameEngine.Tests&#xD;
[xUnit.net 00:00:00.75]   Discovered:  GameEngine.Tests&#xD;
[xUnit.net 00:00:00.75]   Starting:    GameEngine.Tests&#xD;
[xUnit.net 00:00:00.83]   Finished:    GameEngine.Tests&#xD;
</StdOut>
    </Output>
  </ResultSummary>
</TestRun>